// Jest Snapshot v1, https://goo.gl/fbAQLP

exports[`Controls should render Controls 1`] = `ReactWrapper {}`;
