// Jest Snapshot v1, https://goo.gl/fbAQLP

exports[`Menu should render empty menu 1`] = `ReactWrapper {}`;

exports[`should render new subreddit 1`] = `ReactWrapper {}`;
